round1/kem/AKCN-MLWE
round1/kem/AKCN-SEC
round1/kem/BabyBear
round1/kem/BabyBearEphem
round1/kem/BIG_QUAKE_1
round1/kem/BIG_QUAKE_3
round1/kem/BIG_QUAKE_5
round1/kem/CFPKM128
round1/kem/CFPKM182
round1/kem/dags3
round1/kem/dags5
round1/kem/DME
round1/kem/fire_saber
round1/kem/FrodoKEM-640
round1/kem/FrodoKEM-976
round1/kem/hila5
round1/kem/hqc-advanced-I
round1/kem/hqc-advanced-II
round1/kem/hqc-advanced-III
round1/kem/hqc-basic-I
round1/kem/hqc-basic-II
round1/kem/hqc-basic-III
round1/kem/hqc-paranoiac-I
round1/kem/hqc-paranoiac-II
round1/kem/hqc-paranoiac-III
round1/kem/hqc-paranoiac-IV
round1/kem/KINDI-256-3-4-2
round1/kem/KINDI-256-5-2-2
round1/kem/KINDI-512-2-2-2
round1/kem/KINDI-512-2-4-1
round1/kem/KINDI-512-3-2-1
round1/kem/kyber1024
round1/kem/kyber512
round1/kem/kyber768
round1/kem/LAC
round1/kem/Lepton
round1/kem/light_saber
round1/kem/Lima-EncapCCA
round1/kem/Lima-EncapCPA
round1/kem/Lizard.KEM
round1/kem/lotus128
round1/kem/lotus192
round1/kem/lotus256
round1/kem/MamaBear
round1/kem/MamaBearEphem
round1/kem/mceliece6960119
round1/kem/mceliece8192128
round1/kem/Mersenne_756839
round1/kem/newhope1024cca
round1/kem/newhope1024cpa
round1/kem/newhope512cca
round1/kem/newhope512cpa
round1/kem/nround2_kem_nd_l1
round1/kem/nround2_kem_nd_l2
round1/kem/nround2_kem_nd_l3
round1/kem/nround2_kem_nd_l4
round1/kem/nround2_kem_nd_l5
round1/kem/ntruhrss701
round1/kem/ntru-kem-1024
round1/kem/ntru-kem-443
round1/kem/ntru-kem-743
round1/kem/ntrulpr4591761
round1/kem/nts_kem_12_64
round1/kem/nts_kem_13_136
round1/kem/nts_kem_13_80
round1/kem/Odd_Manhattan
round1/kem/OKCN-MLWE
round1/kem/OKCN-SEC
round1/kem/PapaBear
round1/kem/PapaBearEphem
round1/kem/pqrsa15
round1/kem/Ramstake_RS_216091
round1/kem/Ramstake_RS_756839
round1/kem/RLCE_KEM_128A
round1/kem/RLCE_KEM_128B
round1/kem/RLCE_KEM_192A
round1/kem/RLCE_KEM_192B
round1/kem/RLCE_KEM_256A
round1/kem/RLCE_KEM_256B
round1/kem/RLizard.KEM
round1/kem/saber
round1/kem/SIKEp503
round1/kem/SIKEp751
round1/kem/sntrup4591761
round1/kem/Titanium_CCA_hi
round1/kem/Titanium_CCA_lite
round1/kem/Titanium_CCA_med
round1/kem/Titanium_CCA_std
round1/kem/Titanium_CCA_super
round1/kem/Titanium_CCA_toy
round1/kem/uround2_kem_n1_fn0_l1
round1/kem/uround2_kem_n1_fn0_l2
round1/kem/uround2_kem_n1_fn0_l3
round1/kem/uround2_kem_n1_fn0_l4
round1/kem/uround2_kem_n1_fn0_l5
round1/kem/uround2_kem_n1_fn1_l1
round1/kem/uround2_kem_n1_fn1_l2
round1/kem/uround2_kem_n1_fn1_l3
round1/kem/uround2_kem_n1_fn1_l4
round1/kem/uround2_kem_n1_fn1_l5
round1/kem/uround2_kem_n1_fn2_l1
round1/kem/uround2_kem_n1_fn2_l2
round1/kem/uround2_kem_n1_fn2_l3
round1/kem/uround2_kem_n1_fn2_l4
round1/kem/uround2_kem_n1_fn2_l5
round1/kem/uround2_kem_nd_l1
round1/kem/uround2_kem_nd_l2
round1/kem/uround2_kem_nd_l3
round1/kem/uround2_kem_nd_l4
round1/kem/uround2_kem_nd_l5

